50 50
XXXXXXXXXXXXXXXXXXXXXXXXXXXXXXXXXXXXXXXXXXXXXXXXXX
X......e.........................................X
XXXX..XXXXXXXXXXXXXXXXXXXXXXXXXXXXXX...e.........X
X.....X................X.....X.........X...XXXXXXX
X........XXXXXXXXX........XXXXXXXXX..XXXXX.XX....X
X.XXXXX..X......eX...XXXXXX...X........X......XXXX
X.X........XXXXX.X...X....X...X.X.X.X..X.X.X.XX..X
X.X.XXXXXX.X.....X.XXXXX.........................X
X.X.X........XXXXX............e..................X
X.X.X.X..X.....XXXXXXXXX.XXXXXXXXX.XXXXXXXXXXX.XXX
X.X.X.X.....X..........X.........................X
X.X.X.X.XXXXXXXXXXXXXX.X.XXXX.XXXX.XXXX.XXXX.XXXXX
X...X.X.X..............X.........................X
XX.XX.X.X......X.......XX.XXXXXXXXXXXXXXXXXX.XXXXX
Xe....X.X......X.......X................XXX......X
X..XXXX.X......X.......X.XXXXXXXXXXXXXX..eX......X
X.XX....X......X.......X.X..............XXX......X
X....XXXX......X.......X.XXXXXXXXXXXX.XXX........X
X.XXXX.....e...X.......X.........................X
X.X............X.................................X
X.X....................X.........................X
X.XXXXXXXXXXXXXXXXXXXXXXXXX...XXXXXXXXXX...XXXXXXX
X................................................X
X..XXXXXXXXXXXXXXXXXXXXXXXXXXXX..e...............X
X...................................XXXXXXXXXXXX.X
X...XXXX....Xe...XXX...XXXX.X...X...X............X
X...X...e..X..X..X..e..X.....X.X....XXXXX.XXXXXXXX
X...XXX....X..X..XXX...XXX....X.....X............X
X...X..X...X..X..X..e..X.....X.X....XXXXXXXXXX.XXX
X...X..X....XX...XXX...XXXX.X...X...X............X
X...................................XXXXXXXX..XXXX
X..XXXXXXXXXXXXXXXXXXXXXXXXXXXXXXX...............X
X................................................X
X...X...XXXXXXXXXXXXXXXXXXXXXXXXXXXXXXXXXX.....XXX
X...X..XXX.......................................X
X...X.XX.....XXXXXXXXXXXXXXXXXXXXXX.XXXXXXXXXXXXXX
X...X..X........................eX...............X
X..XXX.X.........................X...............X
X...........XXXXXXXXXXXX..............XXXXXX....XX
XXXXXX...........................................X
X......XXXXX...XXXX...XXXXXXXXX..XXXXXXXXXXXXXXXXX
X..XXXXX..XX..XX..XXX.XX.....XX..X...XX....X.....X
X...............................................eX
Xe....XXXXXXXXXXXXXXX.XXXX.....XXXXXXXXXXXX..XXXXX
X....XX......X.........XX....XXX.................X
X...XX...e...X..XXXXXXXX....XXX......e...........X
X..XX........X.......XX....XXX...................X
X..XXXXXXXXX.X..XXXXXX......XXXXXX...............X
X................................................X
XXXXXXXXXXXXXXXXXXXXXXXXXXXXXXXXXXXXXXXXXXXXXXXXXX